#!/bin/bash

DIR="$( cd "$( dirname "$0"  )" && pwd  )"
cd ${DIR}
pwd
commits=$(($RANDOM%20+1))
i=0
while(($i<$commits))
do
commitTimesp=`sed -n '/run/p' ./README.md`
commitTimesh=${commitTimesp#*run }
commitTimes=${commitTimesh% times.}
sed -i "s/$commitTimes/$(($commitTimes+1))/" ./README.md
git add -A && git commit -m "$(($commitTimes+1))"
i=$(($i+1))
done
git push origin master
cd ~
